[www.victoriavr.com/index.html]
[www.victoriavr.com/wp-content/themes/victoriavr/favicons/apple-touch-icon.png]
[www.victoriavr.com/wp-content/themes/victoriavr/favicons/favicon-32x32.png]
[www.victoriavr.com/wp-content/themes/victoriavr/favicons/favicon-16x16.png]
[www.victoriavr.com/wp-content/themes/victoriavr/fonts/TacticSansExtExd-Bld.woff2]
[www.victoriavr.com/wp-content/themes/victoriavr/fonts/TacticSansExtExd-Ult.woff2]
[www.victoriavr.com/wp-content/themes/victoriavr/fonts/UniviaPro-Regular.woff2]
[www.victoriavr.com/wp-content/themes/victoriavr/fonts/UniviaPro-Medium.woff2]
[www.victoriavr.com/wp-content/themes/victoriavr/fonts/UniviaPro-Bold.woff2]
[backblue.gif]
[fade.gif]
[index.html]
[www.victoriavr.com/wp-includes/css/dist/block-library/style.min271b.css]
[www.victoriavr.com/wp-content/plugins/contact-form-7/includes/css/styles7e15.css]
[www.victoriavr.com/wp-content/plugins/lazysizes/css/build/lazysizes.fadein.minbb49.css]
[www.victoriavr.com/wp-content/plugins/wp-mailto-links/core/includes/assets/css/style3084.css]
[www.victoriavr.com/wp-content/themes/victoriavr/css/style9b4a.css]
[www.victoriavr.com/wp-content/themes/victoriavr/css/slickee8b.css]
[www.victoriavr.com/wp-content/plugins/lazysizes/js/build/lazysizes.unveilhooks-fullnative.minbb49.js]
[www.victoriavr.com/wp-includes/js/jquery/jquery.minaf6c.js]
[www.victoriavr.com/wp-includes/js/jquery/jquery-migrate.mind617.js]
[www.victoriavr.com/wp-content/plugins/wp-mailto-links/core/includes/assets/js/custom3084.js]
[www.victoriavr.com/wp-json/index.html]
[www.victoriavr.com/wp-json/wp/v2/pages/9.json]
[www.victoriavr.com/wp-json/oembed/1.0/embed4bc4.json]
[www.victoriavr.com/wp-json/oembed/1.0/embed5c1e]
[web-sdk.smartlook.com/recorder.js]
[www.victoriavr.com/wp-content/themes/victoriavr/img/background-pattern.jpg]
[www.victoriavr.com/whitepaper/index.html]
[www.victoriavr.com/our-vision/index.html]
[www.victoriavr.com/the-metaverse/index.html]
[www.victoriavr.com/partner-integrations/index.html]
[www.victoriavr.com/tokenomics-and-the-vr-economy/index.html]
[www.victoriavr.com/partners/index.html]
[www.victoriavr.com/what-is-victoria-vr/index.html]
[www.victoriavr.com/vr-lands/index.html]
[www.victoriavr.com/building-the-future-together/index.html]
[www.victoriavr.com/the-nft-gallery/index.html]
[www.victoriavr.com/the-big-marketvr/index.html]
[www.victoriavr.com/dao/index.html]
[www.victoriavr.com/why-victoria-vr/index.html]
[www.victoriavr.com/contact/index.html]
[www.victoriavr.com/our-team/index.html]
[www.victoriavr.com/wp-content/uploads/2021/06/LOGO_WM-v2.png]
[www.victoriavr.com/wp-content/uploads/2021/06/LOGO_ETN-v2.png]
[www.victoriavr.com/wp-content/uploads/2021/06/LOGO_AV-v2.png]
[blog.victoriavr.com/wp-content/uploads/2022/02/15.02.2022-2.0-FB-INSTA.png]
[blog.victoriavr.com/wp-content/uploads/2022/01/29.01.22-–-20-DAYS-–-1.0-–-FB-INSTA.jpg]
[blog.victoriavr.com/wp-content/uploads/2022/01/1_BEAfa5bteyTr1XysXZ5pBA.png]
[www.victoriavr.com/wp-includes/js/dist/vendor/regenerator-runtime.min3937.js]
[www.victoriavr.com/wp-includes/js/dist/vendor/wp-polyfill.min2c7c.js]
[www.victoriavr.com/terms-of-use/index.html]
[www.victoriavr.com/wp-content/plugins/contact-form-7/includes/js/index7e15.js]
[www.victoriavr.com/privacy-policy/index.html]
[www.victoriavr.com/wp-content/themes/victoriavr/js/main19ce.js]
[www.victoriavr.com/wp-content/themes/victoriavr/js/slickee8b.js]
[www.victoriavr.com/wp-content/themes/victoriavr/js/slick-slidersf269.js]
[www.victoriavr.com/index.html]
[www.victoriavr.com/wp-content/themes/victoriavr/favicons/site.html]
[www.victoriavr.com/wp-content/themes/victoriavr/favicons/safari-pinned-tab.svg]
[www.victoriavr.com/wp-includes/css/dist/block-library/style.min271b.css]
[www.victoriavr.com/wp-content/plugins/contact-form-7/includes/css/styles7e15.css]
[www.victoriavr.com/wp-content/plugins/lazysizes/css/build/lazysizes.fadein.minbb49.css]
[www.victoriavr.com/wp-content/plugins/wp-mailto-links/core/includes/assets/css/style3084.css]
[www.victoriavr.com/wp-content/themes/victoriavr/img/vawes.png]
[www.victoriavr.com/wp-content/themes/victoriavr/img/temp/orange-waves.png]
[www.victoriavr.com/wp-content/themes/victoriavr/css/style9b4a.css]
[www.victoriavr.com/wp-content/themes/victoriavr/css/slickee8b.css]
[www.victoriavr.com/wp-content/plugins/lazysizes/js/build/lazysizes.unveilhooks-fullnative.minbb49.js]
[www.victoriavr.com/wp-includes/js/jquery/jquery.minaf6c.js]
[www.victoriavr.com/wp-includes/js/jquery/jquery-migrate.mind617.js]
[www.victoriavr.com/wp-content/plugins/wp-mailto-links/core/includes/assets/js/custom3084.js]
[www.googletagmanager.com/gtm5445.html]
[www.victoriavr.com/wp-json/wp/v2/pages/474.json]
[www.victoriavr.com/wp-json/oembed/1.0/embedca02.json]
[www.victoriavr.com/wp-json/oembed/1.0/embed0b15]
[victoriavr.com/wp-content/uploads/2021/12/Whitepaper-1.png]
[www.victoriavr.com/whitepaper/index.html]
[www.victoriavr.com/wp-json/wp/v2/pages/240.json]
[www.victoriavr.com/wp-json/oembed/1.0/embed68bb.json]
[www.victoriavr.com/wp-json/oembed/1.0/embeddee9]
[victoriavr.com/wp-content/uploads/2021/12/VR_City_3_-1024x768.png]
[www.victoriavr.com/our-vision/index.html]
[www.victoriavr.com/wp-json/wp/v2/pages/245.json]
[www.victoriavr.com/wp-json/oembed/1.0/embed6367.json]
[www.victoriavr.com/wp-json/oembed/1.0/embed3cf7]
[victoriavr.com/wp-content/uploads/2021/12/Victoria-VR-Island-1024x1024.jpg]
[www.victoriavr.com/the-metaverse/index.html]
[www.victoriavr.com/wp-json/wp/v2/pages/997.json]
[www.victoriavr.com/wp-json/oembed/1.0/embed5948.json]
[www.victoriavr.com/wp-json/oembed/1.0/embeddd62]
[www.victoriavr.com/partners/index.html]
[www.victoriavr.com/wp-json/wp/v2/pages/259.json]
[www.victoriavr.com/wp-json/oembed/1.0/embede01a.json]
[www.victoriavr.com/wp-json/oembed/1.0/embed498e]
[victoriavr.com/wp-content/uploads/2021/05/unreal-engine-1024x577.jpg]
[www.victoriavr.com/partner-integrations/index.html]
[www.victoriavr.com/wp-json/wp/v2/pages/264.json]
[www.victoriavr.com/wp-json/oembed/1.0/embedd4bb.json]
[www.victoriavr.com/wp-json/oembed/1.0/embed26c1]
[victoriavr.com/wp-content/uploads/2021/05/Economy-1024x571.jpg]
[www.victoriavr.com/tokenomics-and-the-vr-economy/index.html]
[www.victoriavr.com/wp-json/wp/v2/pages/269.json]
[www.victoriavr.com/wp-json/oembed/1.0/embed2c7b.json]
[www.victoriavr.com/wp-json/oembed/1.0/embed186a]
[www.victoriavr.com/what-is-victoria-vr/index.html]
[www.victoriavr.com/wp-json/wp/v2/pages/273.json]
[www.victoriavr.com/wp-json/oembed/1.0/embed33cf.json]
[www.victoriavr.com/wp-json/oembed/1.0/embed04ee]
[victoriavr.com/wp-content/uploads/2021/12/Futuristic_3-1-1024x1024.jpg]
[victoriavr.com/wp-content/uploads/2021/12/Victoria-VR-Tiers-2-1024x967.png]
[www.victoriavr.com/vr-lands/index.html]
[www.victoriavr.com/wp-json/wp/v2/pages/277.json]
[www.victoriavr.com/wp-json/oembed/1.0/embed7579.json]
[www.victoriavr.com/wp-json/oembed/1.0/embed8bdd]
[www.victoriavr.com/building-the-future-together/index.html]
[www.victoriavr.com/wp-json/wp/v2/pages/286.json]
[www.victoriavr.com/wp-json/oembed/1.0/embed17ae.json]
[www.victoriavr.com/wp-json/oembed/1.0/embed3be6]
[victoriavr.com/wp-content/uploads/2021/06/video-cover.jpg]
[www.victoriavr.com/the-big-marketvr/index.html]
[www.victoriavr.com/wp-json/wp/v2/pages/290.json]
[www.victoriavr.com/wp-json/oembed/1.0/embed4f18.json]
[www.victoriavr.com/wp-json/oembed/1.0/embedebb3]
[victoriavr.com/wp-content/uploads/2021/06/video-cover-gallery.jpg]
[www.victoriavr.com/the-nft-gallery/index.html]
[www.victoriavr.com/wp-json/wp/v2/pages/297.json]
[www.victoriavr.com/wp-json/oembed/1.0/embedbcbb.json]
[www.victoriavr.com/wp-json/oembed/1.0/embed0766]
[victoriavr.com/wp-content/uploads/2021/05/Decentralised-1024x582.jpg]
[www.victoriavr.com/dao/index.html]
[www.victoriavr.com/wp-json/wp/v2/pages/301.json]
[www.victoriavr.com/wp-json/oembed/1.0/embed3871.json]
[www.victoriavr.com/wp-json/oembed/1.0/embedd871]
[victoriavr.com/wp-content/uploads/2021/11/Comparison-table-updated_NOV-2021-small.png]
[www.victoriavr.com/why-victoria-vr/index.html]
[www.victoriavr.com/wp-json/wp/v2/pages/304.json]
[www.victoriavr.com/wp-json/oembed/1.0/embed7d08.json]
[www.victoriavr.com/wp-json/oembed/1.0/embed39f5]
[www.victoriavr.com/our-team/index.html]
[www.victoriavr.com/wp-json/wp/v2/pages/370.json]
[www.victoriavr.com/wp-json/oembed/1.0/embed048b.json]
[www.victoriavr.com/wp-json/oembed/1.0/embede3cf]
[www.victoriavr.com/contact/index.html]
[www.victoriavr.com/wp-content/uploads/2021/05/unreal-engine.svg]
[www.victoriavr.com/wp-content/uploads/2021/05/oculus-logo.svg]
[www.victoriavr.com/wp-content/uploads/2021/05/intel.svg]
[www.victoriavr.com/wp-content/uploads/2021/05/blender.svg]
[www.victoriavr.com/wp-content/uploads/2021/05/nvidia.svg]
[www.victoriavr.com/wp-content/uploads/2021/05/khronos-logo.svg]
[www.victoriavr.com/wp-content/uploads/2021/05/alienware-logo.svg]
[www.victoriavr.com/wp-json/wp/v2/pages/633.json]
[www.victoriavr.com/wp-json/oembed/1.0/embed009e.json]
[www.victoriavr.com/wp-json/oembed/1.0/embeded8e]
[www.victoriavr.com/terms-of-use/index.html]
[www.victoriavr.com/wp-json/wp/v2/pages/958.json]
[www.victoriavr.com/wp-json/oembed/1.0/embed1d18.json]
[www.victoriavr.com/wp-json/oembed/1.0/embed754a]
[www.victoriavr.com/privacy-policy/index.html]
[www.victoriavr.com/wp-includes/js/dist/vendor/regenerator-runtime.min3937.js]
[www.victoriavr.com/wp-includes/js/dist/vendor/wp-polyfill.min2c7c.js]
[www.victoriavr.com/wp-content/plugins/contact-form-7/includes/js/index7e15.js]
[www.victoriavr.com/wp-content/themes/victoriavr/js/main19ce.js]
[www.victoriavr.com/wp-content/themes/victoriavr/js/slickee8b.js]
[www.victoriavr.com/wp-content/themes/victoriavr/js/slick-slidersf269.js]
[www.victoriavr.com/indexb7bc.html]
[www.victoriavr.com/indexcfe0.html]
[www.victoriavr.com/indexe1a1.html]
[www.victoriavr.com/index7451.html]
[www.victoriavr.com/indexc544.html]
[www.victoriavr.com/indexd728.html]
[www.victoriavr.com/index67bc.html]
[www.victoriavr.com/index7dad.html]
[www.victoriavr.com/index9076.html]
[www.victoriavr.com/index5c97.html]
[www.victoriavr.com/index5b31.html]
[www.victoriavr.com/index07ee.html]
[www.victoriavr.com/index8a7d.html]
[www.victoriavr.com/indexdd01.html]
[www.victoriavr.com/index12d0.html]
[www.victoriavr.com/index4db6.html]
[www.victoriavr.com/index1dd2.html]
[www.victoriavr.com/popupStatus=closed; path=/index.html]
